// Jest Snapshot v1, https://goo.gl/fbAQLP

exports[`should render correctly 1`] = `
Array [
  <div
    className="sc-hKwDye ZVUeg"
    data-testid="gist-results"
  >
    <ul
      className="sc-furwcr hfmqCP"
    >
      <li
        className="sc-pVTFL iQLBFt"
      >
        <div
          className="sc-jrQzAO hmEThR"
        >
          <div
            className="sc-eCImPb bHPRxW"
          >
            <img
              className="sc-kDTinF fEXHyX"
              src="https://avatars.githubusercontent.com/u/25990014?v=4"
            />
            <a
              className="sc-iCfMLu ksumIq"
              href="https://github.com/natanfudge"
              target="_blank"
            >
              <b>
                natanfudge
              </b>
            </a>
          </div>
          <div
            className="sc-jRQBWg joQhLk"
          >
            <a
              className="sc-iCfMLu ksumIq"
              href="https://gist.github.com/45a4808a6c743ff4ce630276845cee97"
              target="_blank"
            >
              <svg
                fill="currentColor"
                height="1.2em"
                stroke="currentColor"
                strokeWidth="0"
                style={
                  Object {
                    "color": undefined,
                  }
                }
                viewBox="0 0 24 24"
                width="1.2em"
                xmlns="http://www.w3.org/2000/svg"
              >
                <path
                  d="M8.293 6.293 2.586 12l5.707 5.707 1.414-1.414L5.414 12l4.293-4.293zm7.414 11.414L21.414 12l-5.707-5.707-1.414 1.414L18.586 12l-4.293 4.293z"
                />
              </svg>
            </a>
            <span
              className="sc-gKclnd jRQyGa"
            >
              1
               Files
            </span>
            <a
              className="sc-iCfMLu ksumIq"
              href="https://api.github.com/gists/45a4808a6c743ff4ce630276845cee97/forks"
              target="_blank"
            >
              <svg
                fill="currentColor"
                height="1em"
                stroke="currentColor"
                strokeWidth="0"
                style={
                  Object {
                    "color": undefined,
                  }
                }
                viewBox="0 0 24 24"
                width="1em"
                xmlns="http://www.w3.org/2000/svg"
              >
                <path
                  d="M5.559 8.855c.166 1.183.789 3.207 3.087 4.079C11 13.829 11 14.534 11 15v.163c-1.44.434-2.5 1.757-2.5 3.337 0 1.93 1.57 3.5 3.5 3.5s3.5-1.57 3.5-3.5c0-1.58-1.06-2.903-2.5-3.337V15c0-.466 0-1.171 2.354-2.065 2.298-.872 2.921-2.896 3.087-4.079C19.912 8.441 21 7.102 21 5.5 21 3.57 19.43 2 17.5 2S14 3.57 14 5.5c0 1.552 1.022 2.855 2.424 3.313-.146.735-.565 1.791-1.778 2.252-1.192.452-2.053.953-2.646 1.536-.593-.583-1.453-1.084-2.646-1.536-1.213-.461-1.633-1.517-1.778-2.252C8.978 8.355 10 7.052 10 5.5 10 3.57 8.43 2 6.5 2S3 3.57 3 5.5c0 1.602 1.088 2.941 2.559 3.355zM17.5 4c.827 0 1.5.673 1.5 1.5S18.327 7 17.5 7 16 6.327 16 5.5 16.673 4 17.5 4zm-4 14.5c0 .827-.673 1.5-1.5 1.5s-1.5-.673-1.5-1.5.673-1.5 1.5-1.5 1.5.673 1.5 1.5zM6.5 4C7.327 4 8 4.673 8 5.5S7.327 7 6.5 7 5 6.327 5 5.5 5.673 4 6.5 4z"
                />
              </svg>
            </a>
            <span
              className="sc-gKclnd jRQyGa"
            >
              Forks
            </span>
            <a
              className="sc-iCfMLu ksumIq"
              href="https://api.github.com/gists/45a4808a6c743ff4ce630276845cee97/comments"
              target="_blank"
            >
              <svg
                fill="currentColor"
                height="1em"
                stroke="currentColor"
                strokeWidth="0"
                style={
                  Object {
                    "color": undefined,
                  }
                }
                viewBox="0 0 24 24"
                width="1em"
                xmlns="http://www.w3.org/2000/svg"
              >
                <path
                  d="M20 2H4c-1.103 0-2 .897-2 2v18l5.333-4H20c1.103 0 2-.897 2-2V4c0-1.103-.897-2-2-2zm0 14H6.667L4 18V4h16v12z"
                />
              </svg>
            </a>
            <span
              className="sc-gKclnd jRQyGa"
            >
              Comments
            </span>
            <a
              className="sc-iCfMLu ksumIq"
              href="https://api.github.com/users/natanfudge/starred{/owner}{/repo}"
              target="_blank"
            >
              <svg
                fill="currentColor"
                height="1em"
                stroke="currentColor"
                strokeWidth="0"
                style={
                  Object {
                    "color": undefined,
                  }
                }
                viewBox="0 0 24 24"
                width="1em"
                xmlns="http://www.w3.org/2000/svg"
              >
                <path
                  d="m6.516 14.323-1.49 6.452a.998.998 0 0 0 1.529 1.057L12 18.202l5.445 3.63a1.001 1.001 0 0 0 1.517-1.106l-1.829-6.4 4.536-4.082a1 1 0 0 0-.59-1.74l-5.701-.454-2.467-5.461a.998.998 0 0 0-1.822 0L8.622 8.05l-5.701.453a1 1 0 0 0-.619 1.713l4.214 4.107zm2.853-4.326a.998.998 0 0 0 .832-.586L12 5.43l1.799 3.981a.998.998 0 0 0 .832.586l3.972.315-3.271 2.944c-.284.256-.397.65-.293 1.018l1.253 4.385-3.736-2.491a.995.995 0 0 0-1.109 0l-3.904 2.603 1.05-4.546a1 1 0 0 0-.276-.94l-3.038-2.962 4.09-.326z"
                />
              </svg>
            </a>
            <span
              className="sc-gKclnd jRQyGa"
            >
              Stars
            </span>
          </div>
        </div>
        <div
          className="sc-jrQzAO hmEThR"
        >
          <span
            className="sc-gKclnd jRQyGa"
          >
            Created at: 
            4/17/2021
          </span>
          <span
            className="sc-gKclnd jRQyGa"
          >
            Last updated: 
            4/17/2021
          </span>
        </div>
        <div
          className="sc-jrQzAO hmEThR"
        >
          <span
            className="sc-gKclnd jRQyGa"
          >
            <h4 />
          </span>
          <span
            className="sc-gKclnd jRQyGa"
          />
        </div>
        <div
          className="sc-jrQzAO hmEThR"
        >
          <ul
            className="sc-bdvvtL hVYKIF"
            data-testid="file-actions-list"
          >
            <li
              className="sc-gsDKAQ"
            >
              <a
                className="sc-dkPtRN fHwWrv"
                href="https://gist.githubusercontent.com/natanfudge/45a4808a6c743ff4ce630276845cee97/raw/25baccdb12b105d5889158ddfb0a104d06c7e045/crash.txt"
                target="_blank"
              >
                <svg
                  fill="currentColor"
                  height="1em"
                  stroke="currentColor"
                  strokeWidth="0"
                  style={
                    Object {
                      "color": undefined,
                    }
                  }
                  viewBox="0 0 24 24"
                  width="1em"
                  xmlns="http://www.w3.org/2000/svg"
                >
                  <path
                    d="M19.903 8.586a.997.997 0 0 0-.196-.293l-6-6a.997.997 0 0 0-.293-.196c-.03-.014-.062-.022-.094-.033a.991.991 0 0 0-.259-.051C13.04 2.011 13.021 2 13 2H6c-1.103 0-2 .897-2 2v16c0 1.103.897 2 2 2h12c1.103 0 2-.897 2-2V9c0-.021-.011-.04-.013-.062a.952.952 0 0 0-.051-.259c-.01-.032-.019-.063-.033-.093zM16.586 8H14V5.414L16.586 8zM6 20V4h6v5a1 1 0 0 0 1 1h5l.002 10H6z"
                  />
                  <path
                    d="M8 12h8v2H8zm0 4h8v2H8zm0-8h2v2H8z"
                  />
                </svg>
                 
                <i>
                  crash.txt
                </i>
              </a>
            </li>
          </ul>
        </div>
      </li>
    </ul>
  </div>,
  <div
    className="sc-hKwDye ZVUeg"
    data-testid="gist-results"
  >
    <ul
      className="sc-furwcr hfmqCP"
    >
      <li
        className="sc-pVTFL iQLBFt"
      >
        <div
          className="sc-jrQzAO hmEThR"
        >
          <div
            className="sc-eCImPb bHPRxW"
          >
            <img
              className="sc-kDTinF fEXHyX"
              src="https://avatars.githubusercontent.com/u/25990014?v=4"
            />
            <a
              className="sc-iCfMLu ksumIq"
              href="https://github.com/natanfudge"
              target="_blank"
            >
              <b>
                natanfudge
              </b>
            </a>
          </div>
          <div
            className="sc-jRQBWg joQhLk"
          >
            <a
              className="sc-iCfMLu ksumIq"
              href="https://gist.github.com/45a4808a6c743ff4ce630276845cee97"
              target="_blank"
            >
              <svg
                fill="currentColor"
                height="1.2em"
                stroke="currentColor"
                strokeWidth="0"
                style={
                  Object {
                    "color": undefined,
                  }
                }
                viewBox="0 0 24 24"
                width="1.2em"
                xmlns="http://www.w3.org/2000/svg"
              >
                <path
                  d="M8.293 6.293 2.586 12l5.707 5.707 1.414-1.414L5.414 12l4.293-4.293zm7.414 11.414L21.414 12l-5.707-5.707-1.414 1.414L18.586 12l-4.293 4.293z"
                />
              </svg>
            </a>
            <span
              className="sc-gKclnd jRQyGa"
            >
              1
               Files
            </span>
            <a
              className="sc-iCfMLu ksumIq"
              href="https://api.github.com/gists/45a4808a6c743ff4ce630276845cee97/forks"
              target="_blank"
            >
              <svg
                fill="currentColor"
                height="1em"
                stroke="currentColor"
                strokeWidth="0"
                style={
                  Object {
                    "color": undefined,
                  }
                }
                viewBox="0 0 24 24"
                width="1em"
                xmlns="http://www.w3.org/2000/svg"
              >
                <path
                  d="M5.559 8.855c.166 1.183.789 3.207 3.087 4.079C11 13.829 11 14.534 11 15v.163c-1.44.434-2.5 1.757-2.5 3.337 0 1.93 1.57 3.5 3.5 3.5s3.5-1.57 3.5-3.5c0-1.58-1.06-2.903-2.5-3.337V15c0-.466 0-1.171 2.354-2.065 2.298-.872 2.921-2.896 3.087-4.079C19.912 8.441 21 7.102 21 5.5 21 3.57 19.43 2 17.5 2S14 3.57 14 5.5c0 1.552 1.022 2.855 2.424 3.313-.146.735-.565 1.791-1.778 2.252-1.192.452-2.053.953-2.646 1.536-.593-.583-1.453-1.084-2.646-1.536-1.213-.461-1.633-1.517-1.778-2.252C8.978 8.355 10 7.052 10 5.5 10 3.57 8.43 2 6.5 2S3 3.57 3 5.5c0 1.602 1.088 2.941 2.559 3.355zM17.5 4c.827 0 1.5.673 1.5 1.5S18.327 7 17.5 7 16 6.327 16 5.5 16.673 4 17.5 4zm-4 14.5c0 .827-.673 1.5-1.5 1.5s-1.5-.673-1.5-1.5.673-1.5 1.5-1.5 1.5.673 1.5 1.5zM6.5 4C7.327 4 8 4.673 8 5.5S7.327 7 6.5 7 5 6.327 5 5.5 5.673 4 6.5 4z"
                />
              </svg>
            </a>
            <span
              className="sc-gKclnd jRQyGa"
            >
              Forks
            </span>
            <a
              className="sc-iCfMLu ksumIq"
              href="https://api.github.com/gists/45a4808a6c743ff4ce630276845cee97/comments"
              target="_blank"
            >
              <svg
                fill="currentColor"
                height="1em"
                stroke="currentColor"
                strokeWidth="0"
                style={
                  Object {
                    "color": undefined,
                  }
                }
                viewBox="0 0 24 24"
                width="1em"
                xmlns="http://www.w3.org/2000/svg"
              >
                <path
                  d="M20 2H4c-1.103 0-2 .897-2 2v18l5.333-4H20c1.103 0 2-.897 2-2V4c0-1.103-.897-2-2-2zm0 14H6.667L4 18V4h16v12z"
                />
              </svg>
            </a>
            <span
              className="sc-gKclnd jRQyGa"
            >
              Comments
            </span>
            <a
              className="sc-iCfMLu ksumIq"
              href="https://api.github.com/users/natanfudge/starred{/owner}{/repo}"
              target="_blank"
            >
              <svg
                fill="currentColor"
                height="1em"
                stroke="currentColor"
                strokeWidth="0"
                style={
                  Object {
                    "color": undefined,
                  }
                }
                viewBox="0 0 24 24"
                width="1em"
                xmlns="http://www.w3.org/2000/svg"
              >
                <path
                  d="m6.516 14.323-1.49 6.452a.998.998 0 0 0 1.529 1.057L12 18.202l5.445 3.63a1.001 1.001 0 0 0 1.517-1.106l-1.829-6.4 4.536-4.082a1 1 0 0 0-.59-1.74l-5.701-.454-2.467-5.461a.998.998 0 0 0-1.822 0L8.622 8.05l-5.701.453a1 1 0 0 0-.619 1.713l4.214 4.107zm2.853-4.326a.998.998 0 0 0 .832-.586L12 5.43l1.799 3.981a.998.998 0 0 0 .832.586l3.972.315-3.271 2.944c-.284.256-.397.65-.293 1.018l1.253 4.385-3.736-2.491a.995.995 0 0 0-1.109 0l-3.904 2.603 1.05-4.546a1 1 0 0 0-.276-.94l-3.038-2.962 4.09-.326z"
                />
              </svg>
            </a>
            <span
              className="sc-gKclnd jRQyGa"
            >
              Stars
            </span>
          </div>
        </div>
        <div
          className="sc-jrQzAO hmEThR"
        >
          <span
            className="sc-gKclnd jRQyGa"
          >
            Created at: 
            4/17/2021
          </span>
          <span
            className="sc-gKclnd jRQyGa"
          >
            Last updated: 
            4/17/2021
          </span>
        </div>
        <div
          className="sc-jrQzAO hmEThR"
        >
          <span
            className="sc-gKclnd jRQyGa"
          >
            <h4 />
          </span>
          <span
            className="sc-gKclnd jRQyGa"
          />
        </div>
        <div
          className="sc-jrQzAO hmEThR"
        >
          <ul
            className="sc-bdvvtL hVYKIF"
            data-testid="file-actions-list"
          >
            <li
              className="sc-gsDKAQ"
            >
              <a
                className="sc-dkPtRN fHwWrv"
                href="https://gist.githubusercontent.com/natanfudge/45a4808a6c743ff4ce630276845cee97/raw/25baccdb12b105d5889158ddfb0a104d06c7e045/crash.txt"
                target="_blank"
              >
                <svg
                  fill="currentColor"
                  height="1em"
                  stroke="currentColor"
                  strokeWidth="0"
                  style={
                    Object {
                      "color": undefined,
                    }
                  }
                  viewBox="0 0 24 24"
                  width="1em"
                  xmlns="http://www.w3.org/2000/svg"
                >
                  <path
                    d="M19.903 8.586a.997.997 0 0 0-.196-.293l-6-6a.997.997 0 0 0-.293-.196c-.03-.014-.062-.022-.094-.033a.991.991 0 0 0-.259-.051C13.04 2.011 13.021 2 13 2H6c-1.103 0-2 .897-2 2v16c0 1.103.897 2 2 2h12c1.103 0 2-.897 2-2V9c0-.021-.011-.04-.013-.062a.952.952 0 0 0-.051-.259c-.01-.032-.019-.063-.033-.093zM16.586 8H14V5.414L16.586 8zM6 20V4h6v5a1 1 0 0 0 1 1h5l.002 10H6z"
                  />
                  <path
                    d="M8 12h8v2H8zm0 4h8v2H8zm0-8h2v2H8z"
                  />
                </svg>
                 
                <i>
                  crash.txt
                </i>
              </a>
            </li>
          </ul>
        </div>
      </li>
    </ul>
  </div>,
]
`;
